node.exe : FAIL src/service
s/__tests__/importExport.se
rvice.test.ts
No linha:1 caractere:1
+ & "C:\Users\dlpun\.trae\b
inaries\node\versions\22.19
.0/node.exe" "C:\ ...
+ ~~~~~~~~~~~~~~~~~~~~~~~~~
~~~~~~~~~~~~~~~~~~~~~~~~~~~
~~~~~~~~~~~~~~~~~
    + CategoryInfo         
     : NotSpecified: (FAI  
  L src/servic...service   
 .test.ts:String) [], R    
emoteException
    + FullyQualifiedErrorI 
   d : NativeCommandError
 
  ÔùÅ Test suite failed to 
run

    [96msrc/services/__tes
ts__/importExport.service.t
est.ts[0m:[93m34[0m:[93
m20[0m - 
[91merror[0m[90m 
TS2352: [0mConversion of 
type 'Buffer' to type 
'Buffer<ArrayBufferLike>' 
may be a mistake because 
neither type sufficiently 
overlaps with the other. 
If this was intentional, 
convert the expression to 
'unknown' first.
      Type 'Buffer' is 
missing the following 
properties from type 
'Buffer<ArrayBufferLike>': 
subarray, write, toJSON, 
equals, and 93 more.

    [7m34[0m     const 
buffer = await workbook.xls
x.writeBuffer() as Buffer;
    [7m  [0m [91m       
            ~~~~~~~~~~~~~~~
~~~~~~~~~~~~~~~~~~~~~~~~~~~
~[0m

Test Suites: 1 failed, 1 
total
Tests:       0 total
Snapshots:   0 total
Time:        3.229 s
Ran all test suites 
matching src/services/__tes
ts__/importExport.service.t
est.ts.
